[0.007s] Invoking command in '/tmp/embr-poc-build/embr_description': CMAKE_PREFIX_PATH=/opt/ros/humble /usr/bin/cmake /home/mais/Heat_Robotics/EMBR_Simulation_Pipeline/embr_phys/ros2_ws/src/embr_description -DAMENT_CMAKE_SYMLINK_INSTALL=1 -DCMAKE_INSTALL_PREFIX=/tmp/embr-poc-install/embr_description
[0.080s] -- The C compiler identification is GNU 11.4.0
[0.151s] -- The CXX compiler identification is GNU 11.4.0
[0.158s] -- Detecting C compiler ABI info
[0.209s] -- Detecting C compiler ABI info - done
[0.213s] -- Check for working C compiler: /usr/bin/cc - skipped
[0.214s] -- Detecting C compile features
[0.215s] -- Detecting C compile features - done
[0.217s] -- Detecting CXX compiler ABI info
[0.273s] -- Detecting CXX compiler ABI info - done
[0.277s] -- Check for working CXX compiler: /usr/bin/c++ - skipped
[0.277s] -- Detecting CXX compile features
[0.277s] -- Detecting CXX compile features - done
[0.282s] -- Found ament_cmake: 1.3.14 (/opt/ros/humble/share/ament_cmake/cmake)
[0.381s] -- Found Python3: /usr/bin/python3 (found version "3.10.12") found components: Interpreter 
[0.419s] -- Override CMake install command with custom implementation using symlinks instead of copying resources
[0.476s] -- Configuring done
[0.477s] -- Generating done
[0.477s] -- Build files have been written to: /tmp/embr-poc-build/embr_description
[30.030s] Invoked command in '/tmp/embr-poc-build/embr_description' returned '0': CMAKE_PREFIX_PATH=/opt/ros/humble /usr/bin/cmake /home/mais/Heat_Robotics/EMBR_Simulation_Pipeline/embr_phys/ros2_ws/src/embr_description -DAMENT_CMAKE_SYMLINK_INSTALL=1 -DCMAKE_INSTALL_PREFIX=/tmp/embr-poc-install/embr_description
[30.031s] Invoking command in '/tmp/embr-poc-build/embr_description': CMAKE_PREFIX_PATH=/opt/ros/humble /usr/bin/cmake --build /tmp/embr-poc-build/embr_description -- -j20 -l20
[60.047s] Invoked command in '/tmp/embr-poc-build/embr_description' returned '0': CMAKE_PREFIX_PATH=/opt/ros/humble /usr/bin/cmake --build /tmp/embr-poc-build/embr_description -- -j20 -l20
[60.054s] Invoking command in '/tmp/embr-poc-build/embr_description': CMAKE_PREFIX_PATH=/opt/ros/humble /usr/bin/cmake --install /tmp/embr-poc-build/embr_description
[60.060s] -- Install configuration: ""
[60.061s] -- Execute custom install script
[60.061s] -- Symlinking: /tmp/embr-poc-install/embr_description/share/embr_description/config/embr_simple_controllers.yaml
[60.067s] -- Symlinking: /tmp/embr-poc-install/embr_description/share/embr_description/launch/__pycache__/view_embr_simple.launch.cpython-310.pyc
[60.073s] -- Symlinking: /tmp/embr-poc-install/embr_description/share/embr_description/launch/view_embr_simple.launch.py
[60.078s] -- Symlinking: /tmp/embr-poc-install/embr_description/share/embr_description/launch/view_maxon_motor.launch.py
[60.084s] -- Symlinking: /tmp/embr-poc-install/embr_description/share/embr_description/meshes/embr_simple/meshes/EMBR_Simple_Chasis.stl
[60.089s] -- Symlinking: /tmp/embr-poc-install/embr_description/share/embr_description/meshes/embr_simple/meshes/Maxon_Body.stl
[60.095s] -- Symlinking: /tmp/embr-poc-install/embr_description/share/embr_description/meshes/embr_simple/meshes/Maxon_Shaft.stl
[60.100s] -- Symlinking: /tmp/embr-poc-install/embr_description/share/embr_description/meshes/embr_simple/meshes/Maxon_Tab_Left.stl
[60.105s] -- Symlinking: /tmp/embr-poc-install/embr_description/share/embr_description/meshes/embr_simple/meshes/Maxon_Tab_Right.stl
[60.109s] -- Symlinking: /tmp/embr-poc-install/embr_description/share/embr_description/meshes/embr_simple/meshes/Wheel.stl
[60.115s] -- Symlinking: /tmp/embr-poc-install/embr_description/share/embr_description/meshes/maxon_motor/meshes/Body.stl
[60.120s] -- Symlinking: /tmp/embr-poc-install/embr_description/share/embr_description/meshes/maxon_motor/meshes/Shaft.stl
[60.126s] -- Symlinking: /tmp/embr-poc-install/embr_description/share/embr_description/meshes/maxon_motor/meshes/Tab_1.stl
[60.132s] -- Symlinking: /tmp/embr-poc-install/embr_description/share/embr_description/meshes/maxon_motor/meshes/Tab_2.stl
[60.138s] -- Symlinking: /tmp/embr-poc-install/embr_description/share/embr_description/rviz/embr_simple.rviz
[60.143s] -- Symlinking: /tmp/embr-poc-install/embr_description/share/embr_description/rviz/maxon_motor.rviz
[60.148s] -- Symlinking: /tmp/embr-poc-install/embr_description/share/embr_description/urdf/embr_simple/urdf/embr_simple.ros2_control.xacro
[60.151s] -- Symlinking: /tmp/embr-poc-install/embr_description/share/embr_description/urdf/embr_simple/urdf/embr_simple.urdf
[60.157s] -- Symlinking: /tmp/embr-poc-install/embr_description/share/embr_description/urdf/maxon_motor/urdf/maxon_motor.urdf.xacro
[60.163s] -- Symlinking: /tmp/embr-poc-install/embr_description/share/ament_index/resource_index/package_run_dependencies/embr_description
[60.168s] -- Symlinking: /tmp/embr-poc-install/embr_description/share/ament_index/resource_index/parent_prefix_path/embr_description
[60.174s] -- Symlinking: /tmp/embr-poc-install/embr_description/share/embr_description/environment/ament_prefix_path.sh
[60.180s] -- Symlinking: /tmp/embr-poc-install/embr_description/share/embr_description/environment/ament_prefix_path.dsv
[60.184s] -- Symlinking: /tmp/embr-poc-install/embr_description/share/embr_description/environment/path.sh
[60.189s] -- Symlinking: /tmp/embr-poc-install/embr_description/share/embr_description/environment/path.dsv
[60.195s] -- Symlinking: /tmp/embr-poc-install/embr_description/share/embr_description/local_setup.bash
[60.201s] -- Symlinking: /tmp/embr-poc-install/embr_description/share/embr_description/local_setup.sh
[60.208s] -- Symlinking: /tmp/embr-poc-install/embr_description/share/embr_description/local_setup.zsh
[60.212s] -- Symlinking: /tmp/embr-poc-install/embr_description/share/embr_description/local_setup.dsv
[60.218s] -- Symlinking: /tmp/embr-poc-install/embr_description/share/embr_description/package.dsv
[60.224s] -- Symlinking: /tmp/embr-poc-install/embr_description/share/ament_index/resource_index/packages/embr_description
[60.229s] -- Symlinking: /tmp/embr-poc-install/embr_description/share/embr_description/cmake/embr_descriptionConfig.cmake
[60.235s] -- Symlinking: /tmp/embr-poc-install/embr_description/share/embr_description/cmake/embr_descriptionConfig-version.cmake
[60.240s] -- Symlinking: /tmp/embr-poc-install/embr_description/share/embr_description/package.xml
[60.244s] Invoked command in '/tmp/embr-poc-build/embr_description' returned '0': CMAKE_PREFIX_PATH=/opt/ros/humble /usr/bin/cmake --install /tmp/embr-poc-build/embr_description
