[0.091s] DEBUG:colcon:Command line arguments: ['/usr/bin/colcon', 'build', '--packages-select', 'embr_description', '--symlink-install', '--build-base', '/tmp/embr-poc-build', '--install-base', '/tmp/embr-poc-install']
[0.091s] DEBUG:colcon:Parsed command line arguments: Namespace(log_base=None, log_level=None, verb_name='build', build_base='/tmp/embr-poc-build', install_base='/tmp/embr-poc-install', merge_install=False, symlink_install=True, test_result_base=None, continue_on_error=False, executor='parallel', parallel_workers=20, event_handlers=None, ignore_user_meta=False, metas=['./colcon.meta'], base_paths=['.'], packages_ignore=None, packages_ignore_regex=None, paths=None, packages_up_to=None, packages_up_to_regex=None, packages_above=None, packages_above_and_dependencies=None, packages_above_depth=None, packages_select_by_dep=None, packages_skip_by_dep=None, packages_skip_up_to=None, packages_select_build_failed=False, packages_skip_build_finished=False, packages_select_test_failures=False, packages_skip_test_passed=False, packages_select=['embr_description'], packages_skip=None, packages_select_regex=None, packages_skip_regex=None, packages_start=None, packages_end=None, allow_overriding=[], cmake_args=None, cmake_target=None, cmake_target_skip_unavailable=False, cmake_clean_cache=False, cmake_clean_first=False, cmake_force_configure=False, ament_cmake_args=None, catkin_cmake_args=None, catkin_skip_building_tests=False, mixin_files=None, mixin=None, verb_parser=<colcon_mixin.mixin.mixin_argument.MixinArgumentDecorator object at 0x760129ddf910>, verb_extension=<colcon_core.verb.build.BuildVerb object at 0x760129f15240>, main=<bound method BuildVerb.main of <colcon_core.verb.build.BuildVerb object at 0x760129f15240>>, mixin_verb=('build',))
[0.241s] Level 1:colcon.colcon_core.package_discovery:discover_packages(colcon_meta) check parameters
[0.241s] Level 1:colcon.colcon_core.package_discovery:discover_packages(recursive) check parameters
[0.241s] Level 1:colcon.colcon_core.package_discovery:discover_packages(ignore) check parameters
[0.241s] Level 1:colcon.colcon_core.package_discovery:discover_packages(path) check parameters
[0.241s] Level 1:colcon.colcon_core.package_discovery:discover_packages(colcon_meta) discover
[0.241s] Level 1:colcon.colcon_core.package_discovery:discover_packages(recursive) discover
[0.241s] INFO:colcon.colcon_core.package_discovery:Crawling recursively for packages in '/home/mais/Heat_Robotics/EMBR_Simulation_Pipeline'
[0.241s] Level 1:colcon.colcon_core.package_identification:_identify(.) by extensions ['ignore', 'ignore_ament_install']
[0.241s] Level 1:colcon.colcon_core.package_identification:_identify(.) by extension 'ignore'
[0.241s] Level 1:colcon.colcon_core.package_identification:_identify(.) by extension 'ignore_ament_install'
[0.241s] Level 1:colcon.colcon_core.package_identification:_identify(.) by extensions ['colcon_pkg']
[0.241s] Level 1:colcon.colcon_core.package_identification:_identify(.) by extension 'colcon_pkg'
[0.241s] Level 1:colcon.colcon_core.package_identification:_identify(.) by extensions ['colcon_meta']
[0.241s] Level 1:colcon.colcon_core.package_identification:_identify(.) by extension 'colcon_meta'
[0.241s] Level 1:colcon.colcon_core.package_identification:_identify(.) by extensions ['ros']
[0.241s] Level 1:colcon.colcon_core.package_identification:_identify(.) by extension 'ros'
[0.253s] Level 1:colcon.colcon_core.package_identification:_identify(.) by extensions ['cmake', 'python']
[0.253s] Level 1:colcon.colcon_core.package_identification:_identify(.) by extension 'cmake'
[0.253s] Level 1:colcon.colcon_core.package_identification:_identify(.) by extension 'python'
[0.253s] Level 1:colcon.colcon_core.package_identification:_identify(.) by extensions ['python_setup_py']
[0.253s] Level 1:colcon.colcon_core.package_identification:_identify(.) by extension 'python_setup_py'
[0.253s] Level 1:colcon.colcon_core.package_identification:_identify(CAD) by extensions ['ignore', 'ignore_ament_install']
[0.253s] Level 1:colcon.colcon_core.package_identification:_identify(CAD) by extension 'ignore'
[0.253s] Level 1:colcon.colcon_core.package_identification:_identify(CAD) by extension 'ignore_ament_install'
[0.253s] Level 1:colcon.colcon_core.package_identification:_identify(CAD) by extensions ['colcon_pkg']
[0.253s] Level 1:colcon.colcon_core.package_identification:_identify(CAD) by extension 'colcon_pkg'
[0.253s] Level 1:colcon.colcon_core.package_identification:_identify(CAD) by extensions ['colcon_meta']
[0.253s] Level 1:colcon.colcon_core.package_identification:_identify(CAD) by extension 'colcon_meta'
[0.253s] Level 1:colcon.colcon_core.package_identification:_identify(CAD) by extensions ['ros']
[0.253s] Level 1:colcon.colcon_core.package_identification:_identify(CAD) by extension 'ros'
[0.253s] Level 1:colcon.colcon_core.package_identification:_identify(CAD) by extensions ['cmake', 'python']
[0.253s] Level 1:colcon.colcon_core.package_identification:_identify(CAD) by extension 'cmake'
[0.253s] Level 1:colcon.colcon_core.package_identification:_identify(CAD) by extension 'python'
[0.253s] Level 1:colcon.colcon_core.package_identification:_identify(CAD) by extensions ['python_setup_py']
[0.253s] Level 1:colcon.colcon_core.package_identification:_identify(CAD) by extension 'python_setup_py'
[0.253s] Level 1:colcon.colcon_core.package_identification:_identify(Tools) by extensions ['ignore', 'ignore_ament_install']
[0.253s] Level 1:colcon.colcon_core.package_identification:_identify(Tools) by extension 'ignore'
[0.253s] Level 1:colcon.colcon_core.package_identification:_identify(Tools) by extension 'ignore_ament_install'
[0.253s] Level 1:colcon.colcon_core.package_identification:_identify(Tools) by extensions ['colcon_pkg']
[0.253s] Level 1:colcon.colcon_core.package_identification:_identify(Tools) by extension 'colcon_pkg'
[0.253s] Level 1:colcon.colcon_core.package_identification:_identify(Tools) by extensions ['colcon_meta']
[0.253s] Level 1:colcon.colcon_core.package_identification:_identify(Tools) by extension 'colcon_meta'
[0.253s] Level 1:colcon.colcon_core.package_identification:_identify(Tools) by extensions ['ros']
[0.254s] Level 1:colcon.colcon_core.package_identification:_identify(Tools) by extension 'ros'
[0.254s] Level 1:colcon.colcon_core.package_identification:_identify(Tools) by extensions ['cmake', 'python']
[0.254s] Level 1:colcon.colcon_core.package_identification:_identify(Tools) by extension 'cmake'
[0.254s] Level 1:colcon.colcon_core.package_identification:_identify(Tools) by extension 'python'
[0.254s] Level 1:colcon.colcon_core.package_identification:_identify(Tools) by extensions ['python_setup_py']
[0.254s] Level 1:colcon.colcon_core.package_identification:_identify(Tools) by extension 'python_setup_py'
[0.254s] Level 1:colcon.colcon_core.package_identification:_identify(autonomy_ws) by extensions ['ignore', 'ignore_ament_install']
[0.254s] Level 1:colcon.colcon_core.package_identification:_identify(autonomy_ws) by extension 'ignore'
[0.254s] Level 1:colcon.colcon_core.package_identification:_identify(autonomy_ws) by extension 'ignore_ament_install'
[0.254s] Level 1:colcon.colcon_core.package_identification:_identify(autonomy_ws) by extensions ['colcon_pkg']
[0.254s] Level 1:colcon.colcon_core.package_identification:_identify(autonomy_ws) by extension 'colcon_pkg'
[0.254s] Level 1:colcon.colcon_core.package_identification:_identify(autonomy_ws) by extensions ['colcon_meta']
[0.254s] Level 1:colcon.colcon_core.package_identification:_identify(autonomy_ws) by extension 'colcon_meta'
[0.254s] Level 1:colcon.colcon_core.package_identification:_identify(autonomy_ws) by extensions ['ros']
[0.254s] Level 1:colcon.colcon_core.package_identification:_identify(autonomy_ws) by extension 'ros'
[0.254s] Level 1:colcon.colcon_core.package_identification:_identify(autonomy_ws) by extensions ['cmake', 'python']
[0.254s] Level 1:colcon.colcon_core.package_identification:_identify(autonomy_ws) by extension 'cmake'
[0.254s] Level 1:colcon.colcon_core.package_identification:_identify(autonomy_ws) by extension 'python'
[0.254s] Level 1:colcon.colcon_core.package_identification:_identify(autonomy_ws) by extensions ['python_setup_py']
[0.254s] Level 1:colcon.colcon_core.package_identification:_identify(autonomy_ws) by extension 'python_setup_py'
[0.254s] Level 1:colcon.colcon_core.package_identification:_identify(docker) by extensions ['ignore', 'ignore_ament_install']
[0.254s] Level 1:colcon.colcon_core.package_identification:_identify(docker) by extension 'ignore'
[0.254s] Level 1:colcon.colcon_core.package_identification:_identify(docker) by extension 'ignore_ament_install'
[0.254s] Level 1:colcon.colcon_core.package_identification:_identify(docker) by extensions ['colcon_pkg']
[0.254s] Level 1:colcon.colcon_core.package_identification:_identify(docker) by extension 'colcon_pkg'
[0.254s] Level 1:colcon.colcon_core.package_identification:_identify(docker) by extensions ['colcon_meta']
[0.254s] Level 1:colcon.colcon_core.package_identification:_identify(docker) by extension 'colcon_meta'
[0.254s] Level 1:colcon.colcon_core.package_identification:_identify(docker) by extensions ['ros']
[0.254s] Level 1:colcon.colcon_core.package_identification:_identify(docker) by extension 'ros'
[0.254s] Level 1:colcon.colcon_core.package_identification:_identify(docker) by extensions ['cmake', 'python']
[0.254s] Level 1:colcon.colcon_core.package_identification:_identify(docker) by extension 'cmake'
[0.254s] Level 1:colcon.colcon_core.package_identification:_identify(docker) by extension 'python'
[0.254s] Level 1:colcon.colcon_core.package_identification:_identify(docker) by extensions ['python_setup_py']
[0.254s] Level 1:colcon.colcon_core.package_identification:_identify(docker) by extension 'python_setup_py'
[0.254s] Level 1:colcon.colcon_core.package_identification:_identify(documentation) by extensions ['ignore', 'ignore_ament_install']
[0.254s] Level 1:colcon.colcon_core.package_identification:_identify(documentation) by extension 'ignore'
[0.254s] Level 1:colcon.colcon_core.package_identification:_identify(documentation) by extension 'ignore_ament_install'
[0.254s] Level 1:colcon.colcon_core.package_identification:_identify(documentation) by extensions ['colcon_pkg']
[0.254s] Level 1:colcon.colcon_core.package_identification:_identify(documentation) by extension 'colcon_pkg'
[0.254s] Level 1:colcon.colcon_core.package_identification:_identify(documentation) by extensions ['colcon_meta']
[0.254s] Level 1:colcon.colcon_core.package_identification:_identify(documentation) by extension 'colcon_meta'
[0.254s] Level 1:colcon.colcon_core.package_identification:_identify(documentation) by extensions ['ros']
[0.254s] Level 1:colcon.colcon_core.package_identification:_identify(documentation) by extension 'ros'
[0.254s] Level 1:colcon.colcon_core.package_identification:_identify(documentation) by extensions ['cmake', 'python']
[0.254s] Level 1:colcon.colcon_core.package_identification:_identify(documentation) by extension 'cmake'
[0.254s] Level 1:colcon.colcon_core.package_identification:_identify(documentation) by extension 'python'
[0.254s] Level 1:colcon.colcon_core.package_identification:_identify(documentation) by extensions ['python_setup_py']
[0.254s] Level 1:colcon.colcon_core.package_identification:_identify(documentation) by extension 'python_setup_py'
[0.254s] Level 1:colcon.colcon_core.package_identification:_identify(embr_phys) by extensions ['ignore', 'ignore_ament_install']
[0.254s] Level 1:colcon.colcon_core.package_identification:_identify(embr_phys) by extension 'ignore'
[0.254s] Level 1:colcon.colcon_core.package_identification:_identify(embr_phys) by extension 'ignore_ament_install'
[0.254s] Level 1:colcon.colcon_core.package_identification:_identify(embr_phys) by extensions ['colcon_pkg']
[0.254s] Level 1:colcon.colcon_core.package_identification:_identify(embr_phys) by extension 'colcon_pkg'
[0.254s] Level 1:colcon.colcon_core.package_identification:_identify(embr_phys) by extensions ['colcon_meta']
[0.254s] Level 1:colcon.colcon_core.package_identification:_identify(embr_phys) by extension 'colcon_meta'
[0.254s] Level 1:colcon.colcon_core.package_identification:_identify(embr_phys) by extensions ['ros']
[0.254s] Level 1:colcon.colcon_core.package_identification:_identify(embr_phys) by extension 'ros'
[0.255s] Level 1:colcon.colcon_core.package_identification:_identify(embr_phys) by extensions ['cmake', 'python']
[0.255s] Level 1:colcon.colcon_core.package_identification:_identify(embr_phys) by extension 'cmake'
[0.255s] Level 1:colcon.colcon_core.package_identification:_identify(embr_phys) by extension 'python'
[0.255s] Level 1:colcon.colcon_core.package_identification:_identify(embr_phys) by extensions ['python_setup_py']
[0.255s] Level 1:colcon.colcon_core.package_identification:_identify(embr_phys) by extension 'python_setup_py'
[0.255s] Level 1:colcon.colcon_core.package_identification:_identify(embr_phys/ros2_ws) by extensions ['ignore', 'ignore_ament_install']
[0.255s] Level 1:colcon.colcon_core.package_identification:_identify(embr_phys/ros2_ws) by extension 'ignore'
[0.255s] Level 1:colcon.colcon_core.package_identification:_identify(embr_phys/ros2_ws) by extension 'ignore_ament_install'
[0.255s] Level 1:colcon.colcon_core.package_identification:_identify(embr_phys/ros2_ws) by extensions ['colcon_pkg']
[0.255s] Level 1:colcon.colcon_core.package_identification:_identify(embr_phys/ros2_ws) by extension 'colcon_pkg'
[0.255s] Level 1:colcon.colcon_core.package_identification:_identify(embr_phys/ros2_ws) by extensions ['colcon_meta']
[0.255s] Level 1:colcon.colcon_core.package_identification:_identify(embr_phys/ros2_ws) by extension 'colcon_meta'
[0.255s] Level 1:colcon.colcon_core.package_identification:_identify(embr_phys/ros2_ws) by extensions ['ros']
[0.255s] Level 1:colcon.colcon_core.package_identification:_identify(embr_phys/ros2_ws) by extension 'ros'
[0.255s] Level 1:colcon.colcon_core.package_identification:_identify(embr_phys/ros2_ws) by extensions ['cmake', 'python']
[0.255s] Level 1:colcon.colcon_core.package_identification:_identify(embr_phys/ros2_ws) by extension 'cmake'
[0.255s] Level 1:colcon.colcon_core.package_identification:_identify(embr_phys/ros2_ws) by extension 'python'
[0.255s] Level 1:colcon.colcon_core.package_identification:_identify(embr_phys/ros2_ws) by extensions ['python_setup_py']
[0.255s] Level 1:colcon.colcon_core.package_identification:_identify(embr_phys/ros2_ws) by extension 'python_setup_py'
[0.255s] Level 1:colcon.colcon_core.package_identification:_identify(embr_phys/ros2_ws/build) by extensions ['ignore', 'ignore_ament_install']
[0.255s] Level 1:colcon.colcon_core.package_identification:_identify(embr_phys/ros2_ws/build) by extension 'ignore'
[0.255s] Level 1:colcon.colcon_core.package_identification:_identify(embr_phys/ros2_ws/build) ignored
[0.255s] Level 1:colcon.colcon_core.package_identification:_identify(embr_phys/ros2_ws/install) by extensions ['ignore', 'ignore_ament_install']
[0.255s] Level 1:colcon.colcon_core.package_identification:_identify(embr_phys/ros2_ws/install) by extension 'ignore'
[0.255s] Level 1:colcon.colcon_core.package_identification:_identify(embr_phys/ros2_ws/install) ignored
[0.255s] Level 1:colcon.colcon_core.package_identification:_identify(embr_phys/ros2_ws/log) by extensions ['ignore', 'ignore_ament_install']
[0.255s] Level 1:colcon.colcon_core.package_identification:_identify(embr_phys/ros2_ws/log) by extension 'ignore'
[0.255s] Level 1:colcon.colcon_core.package_identification:_identify(embr_phys/ros2_ws/log) ignored
[0.255s] Level 1:colcon.colcon_core.package_identification:_identify(embr_phys/ros2_ws/src) by extensions ['ignore', 'ignore_ament_install']
[0.255s] Level 1:colcon.colcon_core.package_identification:_identify(embr_phys/ros2_ws/src) by extension 'ignore'
[0.255s] Level 1:colcon.colcon_core.package_identification:_identify(embr_phys/ros2_ws/src) by extension 'ignore_ament_install'
[0.255s] Level 1:colcon.colcon_core.package_identification:_identify(embr_phys/ros2_ws/src) by extensions ['colcon_pkg']
[0.255s] Level 1:colcon.colcon_core.package_identification:_identify(embr_phys/ros2_ws/src) by extension 'colcon_pkg'
[0.255s] Level 1:colcon.colcon_core.package_identification:_identify(embr_phys/ros2_ws/src) by extensions ['colcon_meta']
[0.255s] Level 1:colcon.colcon_core.package_identification:_identify(embr_phys/ros2_ws/src) by extension 'colcon_meta'
[0.255s] Level 1:colcon.colcon_core.package_identification:_identify(embr_phys/ros2_ws/src) by extensions ['ros']
[0.255s] Level 1:colcon.colcon_core.package_identification:_identify(embr_phys/ros2_ws/src) by extension 'ros'
[0.255s] Level 1:colcon.colcon_core.package_identification:_identify(embr_phys/ros2_ws/src) by extensions ['cmake', 'python']
[0.255s] Level 1:colcon.colcon_core.package_identification:_identify(embr_phys/ros2_ws/src) by extension 'cmake'
[0.255s] Level 1:colcon.colcon_core.package_identification:_identify(embr_phys/ros2_ws/src) by extension 'python'
[0.255s] Level 1:colcon.colcon_core.package_identification:_identify(embr_phys/ros2_ws/src) by extensions ['python_setup_py']
[0.255s] Level 1:colcon.colcon_core.package_identification:_identify(embr_phys/ros2_ws/src) by extension 'python_setup_py'
[0.255s] Level 1:colcon.colcon_core.package_identification:_identify(embr_phys/ros2_ws/src/embr_core) by extensions ['ignore', 'ignore_ament_install']
[0.255s] Level 1:colcon.colcon_core.package_identification:_identify(embr_phys/ros2_ws/src/embr_core) by extension 'ignore'
[0.255s] Level 1:colcon.colcon_core.package_identification:_identify(embr_phys/ros2_ws/src/embr_core) by extension 'ignore_ament_install'
[0.256s] Level 1:colcon.colcon_core.package_identification:_identify(embr_phys/ros2_ws/src/embr_core) by extensions ['colcon_pkg']
[0.256s] Level 1:colcon.colcon_core.package_identification:_identify(embr_phys/ros2_ws/src/embr_core) by extension 'colcon_pkg'
[0.256s] Level 1:colcon.colcon_core.package_identification:_identify(embr_phys/ros2_ws/src/embr_core) by extensions ['colcon_meta']
[0.256s] Level 1:colcon.colcon_core.package_identification:_identify(embr_phys/ros2_ws/src/embr_core) by extension 'colcon_meta'
[0.256s] Level 1:colcon.colcon_core.package_identification:_identify(embr_phys/ros2_ws/src/embr_core) by extensions ['ros']
[0.256s] Level 1:colcon.colcon_core.package_identification:_identify(embr_phys/ros2_ws/src/embr_core) by extension 'ros'
[0.257s] DEBUG:colcon.colcon_core.package_identification:Package 'embr_phys/ros2_ws/src/embr_core' with type 'ros.ament_python' and name 'embr_core'
[0.257s] Level 1:colcon.colcon_core.package_identification:_identify(embr_phys/ros2_ws/src/embr_description) by extensions ['ignore', 'ignore_ament_install']
[0.257s] Level 1:colcon.colcon_core.package_identification:_identify(embr_phys/ros2_ws/src/embr_description) by extension 'ignore'
[0.257s] Level 1:colcon.colcon_core.package_identification:_identify(embr_phys/ros2_ws/src/embr_description) by extension 'ignore_ament_install'
[0.257s] Level 1:colcon.colcon_core.package_identification:_identify(embr_phys/ros2_ws/src/embr_description) by extensions ['colcon_pkg']
[0.258s] Level 1:colcon.colcon_core.package_identification:_identify(embr_phys/ros2_ws/src/embr_description) by extension 'colcon_pkg'
[0.258s] Level 1:colcon.colcon_core.package_identification:_identify(embr_phys/ros2_ws/src/embr_description) by extensions ['colcon_meta']
[0.258s] Level 1:colcon.colcon_core.package_identification:_identify(embr_phys/ros2_ws/src/embr_description) by extension 'colcon_meta'
[0.258s] Level 1:colcon.colcon_core.package_identification:_identify(embr_phys/ros2_ws/src/embr_description) by extensions ['ros']
[0.258s] Level 1:colcon.colcon_core.package_identification:_identify(embr_phys/ros2_ws/src/embr_description) by extension 'ros'
[0.258s] DEBUG:colcon.colcon_core.package_identification:Package 'embr_phys/ros2_ws/src/embr_description' with type 'ros.ament_cmake' and name 'embr_description'
[0.258s] Level 1:colcon.colcon_core.package_identification:_identify(embr_sim) by extensions ['ignore', 'ignore_ament_install']
[0.258s] Level 1:colcon.colcon_core.package_identification:_identify(embr_sim) by extension 'ignore'
[0.258s] Level 1:colcon.colcon_core.package_identification:_identify(embr_sim) by extension 'ignore_ament_install'
[0.258s] Level 1:colcon.colcon_core.package_identification:_identify(embr_sim) by extensions ['colcon_pkg']
[0.258s] Level 1:colcon.colcon_core.package_identification:_identify(embr_sim) by extension 'colcon_pkg'
[0.258s] Level 1:colcon.colcon_core.package_identification:_identify(embr_sim) by extensions ['colcon_meta']
[0.258s] Level 1:colcon.colcon_core.package_identification:_identify(embr_sim) by extension 'colcon_meta'
[0.258s] Level 1:colcon.colcon_core.package_identification:_identify(embr_sim) by extensions ['ros']
[0.258s] Level 1:colcon.colcon_core.package_identification:_identify(embr_sim) by extension 'ros'
[0.258s] Level 1:colcon.colcon_core.package_identification:_identify(embr_sim) by extensions ['cmake', 'python']
[0.258s] Level 1:colcon.colcon_core.package_identification:_identify(embr_sim) by extension 'cmake'
[0.258s] Level 1:colcon.colcon_core.package_identification:_identify(embr_sim) by extension 'python'
[0.258s] Level 1:colcon.colcon_core.package_identification:_identify(embr_sim) by extensions ['python_setup_py']
[0.258s] Level 1:colcon.colcon_core.package_identification:_identify(embr_sim) by extension 'python_setup_py'
[0.258s] Level 1:colcon.colcon_core.package_identification:_identify(embr_sim/ros2_ws) by extensions ['ignore', 'ignore_ament_install']
[0.258s] Level 1:colcon.colcon_core.package_identification:_identify(embr_sim/ros2_ws) by extension 'ignore'
[0.258s] Level 1:colcon.colcon_core.package_identification:_identify(embr_sim/ros2_ws) by extension 'ignore_ament_install'
[0.258s] Level 1:colcon.colcon_core.package_identification:_identify(embr_sim/ros2_ws) by extensions ['colcon_pkg']
[0.258s] Level 1:colcon.colcon_core.package_identification:_identify(embr_sim/ros2_ws) by extension 'colcon_pkg'
[0.258s] Level 1:colcon.colcon_core.package_identification:_identify(embr_sim/ros2_ws) by extensions ['colcon_meta']
[0.258s] Level 1:colcon.colcon_core.package_identification:_identify(embr_sim/ros2_ws) by extension 'colcon_meta'
[0.258s] Level 1:colcon.colcon_core.package_identification:_identify(embr_sim/ros2_ws) by extensions ['ros']
[0.258s] Level 1:colcon.colcon_core.package_identification:_identify(embr_sim/ros2_ws) by extension 'ros'
[0.258s] Level 1:colcon.colcon_core.package_identification:_identify(embr_sim/ros2_ws) by extensions ['cmake', 'python']
[0.258s] Level 1:colcon.colcon_core.package_identification:_identify(embr_sim/ros2_ws) by extension 'cmake'
[0.258s] Level 1:colcon.colcon_core.package_identification:_identify(embr_sim/ros2_ws) by extension 'python'
[0.258s] Level 1:colcon.colcon_core.package_identification:_identify(embr_sim/ros2_ws) by extensions ['python_setup_py']
[0.258s] Level 1:colcon.colcon_core.package_identification:_identify(embr_sim/ros2_ws) by extension 'python_setup_py'
[0.258s] Level 1:colcon.colcon_core.package_identification:_identify(embr_sim/ros2_ws/build) by extensions ['ignore', 'ignore_ament_install']
[0.259s] Level 1:colcon.colcon_core.package_identification:_identify(embr_sim/ros2_ws/build) by extension 'ignore'
[0.259s] Level 1:colcon.colcon_core.package_identification:_identify(embr_sim/ros2_ws/build) ignored
[0.259s] Level 1:colcon.colcon_core.package_identification:_identify(embr_sim/ros2_ws/install) by extensions ['ignore', 'ignore_ament_install']
[0.259s] Level 1:colcon.colcon_core.package_identification:_identify(embr_sim/ros2_ws/install) by extension 'ignore'
[0.259s] Level 1:colcon.colcon_core.package_identification:_identify(embr_sim/ros2_ws/install) ignored
[0.259s] Level 1:colcon.colcon_core.package_identification:_identify(embr_sim/ros2_ws/log) by extensions ['ignore', 'ignore_ament_install']
[0.259s] Level 1:colcon.colcon_core.package_identification:_identify(embr_sim/ros2_ws/log) by extension 'ignore'
[0.259s] Level 1:colcon.colcon_core.package_identification:_identify(embr_sim/ros2_ws/log) ignored
[0.259s] Level 1:colcon.colcon_core.package_identification:_identify(embr_sim/ros2_ws/src) by extensions ['ignore', 'ignore_ament_install']
[0.259s] Level 1:colcon.colcon_core.package_identification:_identify(embr_sim/ros2_ws/src) by extension 'ignore'
[0.259s] Level 1:colcon.colcon_core.package_identification:_identify(embr_sim/ros2_ws/src) by extension 'ignore_ament_install'
[0.259s] Level 1:colcon.colcon_core.package_identification:_identify(embr_sim/ros2_ws/src) by extensions ['colcon_pkg']
[0.259s] Level 1:colcon.colcon_core.package_identification:_identify(embr_sim/ros2_ws/src) by extension 'colcon_pkg'
[0.259s] Level 1:colcon.colcon_core.package_identification:_identify(embr_sim/ros2_ws/src) by extensions ['colcon_meta']
[0.259s] Level 1:colcon.colcon_core.package_identification:_identify(embr_sim/ros2_ws/src) by extension 'colcon_meta'
[0.259s] Level 1:colcon.colcon_core.package_identification:_identify(embr_sim/ros2_ws/src) by extensions ['ros']
[0.259s] Level 1:colcon.colcon_core.package_identification:_identify(embr_sim/ros2_ws/src) by extension 'ros'
[0.259s] Level 1:colcon.colcon_core.package_identification:_identify(embr_sim/ros2_ws/src) by extensions ['cmake', 'python']
[0.259s] Level 1:colcon.colcon_core.package_identification:_identify(embr_sim/ros2_ws/src) by extension 'cmake'
[0.259s] Level 1:colcon.colcon_core.package_identification:_identify(embr_sim/ros2_ws/src) by extension 'python'
[0.259s] Level 1:colcon.colcon_core.package_identification:_identify(embr_sim/ros2_ws/src) by extensions ['python_setup_py']
[0.259s] Level 1:colcon.colcon_core.package_identification:_identify(embr_sim/ros2_ws/src) by extension 'python_setup_py'
[0.259s] Level 1:colcon.colcon_core.package_identification:_identify(embr_sim/ros2_ws/src/embr_bringup) by extensions ['ignore', 'ignore_ament_install']
[0.259s] Level 1:colcon.colcon_core.package_identification:_identify(embr_sim/ros2_ws/src/embr_bringup) by extension 'ignore'
[0.259s] Level 1:colcon.colcon_core.package_identification:_identify(embr_sim/ros2_ws/src/embr_bringup) by extension 'ignore_ament_install'
[0.259s] Level 1:colcon.colcon_core.package_identification:_identify(embr_sim/ros2_ws/src/embr_bringup) by extensions ['colcon_pkg']
[0.259s] Level 1:colcon.colcon_core.package_identification:_identify(embr_sim/ros2_ws/src/embr_bringup) by extension 'colcon_pkg'
[0.259s] Level 1:colcon.colcon_core.package_identification:_identify(embr_sim/ros2_ws/src/embr_bringup) by extensions ['colcon_meta']
[0.259s] Level 1:colcon.colcon_core.package_identification:_identify(embr_sim/ros2_ws/src/embr_bringup) by extension 'colcon_meta'
[0.259s] Level 1:colcon.colcon_core.package_identification:_identify(embr_sim/ros2_ws/src/embr_bringup) by extensions ['ros']
[0.259s] Level 1:colcon.colcon_core.package_identification:_identify(embr_sim/ros2_ws/src/embr_bringup) by extension 'ros'
[0.259s] Level 1:colcon.colcon_core.package_identification:_identify(embr_sim/ros2_ws/src/embr_bringup) by extensions ['cmake', 'python']
[0.259s] Level 1:colcon.colcon_core.package_identification:_identify(embr_sim/ros2_ws/src/embr_bringup) by extension 'cmake'
[0.259s] Level 1:colcon.colcon_core.package_identification:_identify(embr_sim/ros2_ws/src/embr_bringup) by extension 'python'
[0.259s] Level 1:colcon.colcon_core.package_identification:_identify(embr_sim/ros2_ws/src/embr_bringup) by extensions ['python_setup_py']
[0.259s] Level 1:colcon.colcon_core.package_identification:_identify(embr_sim/ros2_ws/src/embr_bringup) by extension 'python_setup_py'
[0.259s] Level 1:colcon.colcon_core.package_identification:_identify(embr_sim/ros2_ws/src/embr_canopen_sim) by extensions ['ignore', 'ignore_ament_install']
[0.259s] Level 1:colcon.colcon_core.package_identification:_identify(embr_sim/ros2_ws/src/embr_canopen_sim) by extension 'ignore'
[0.259s] Level 1:colcon.colcon_core.package_identification:_identify(embr_sim/ros2_ws/src/embr_canopen_sim) by extension 'ignore_ament_install'
[0.259s] Level 1:colcon.colcon_core.package_identification:_identify(embr_sim/ros2_ws/src/embr_canopen_sim) by extensions ['colcon_pkg']
[0.259s] Level 1:colcon.colcon_core.package_identification:_identify(embr_sim/ros2_ws/src/embr_canopen_sim) by extension 'colcon_pkg'
[0.259s] Level 1:colcon.colcon_core.package_identification:_identify(embr_sim/ros2_ws/src/embr_canopen_sim) by extensions ['colcon_meta']
[0.259s] Level 1:colcon.colcon_core.package_identification:_identify(embr_sim/ros2_ws/src/embr_canopen_sim) by extension 'colcon_meta'
[0.259s] Level 1:colcon.colcon_core.package_identification:_identify(embr_sim/ros2_ws/src/embr_canopen_sim) by extensions ['ros']
[0.259s] Level 1:colcon.colcon_core.package_identification:_identify(embr_sim/ros2_ws/src/embr_canopen_sim) by extension 'ros'
[0.260s] DEBUG:colcon.colcon_core.package_identification:Package 'embr_sim/ros2_ws/src/embr_canopen_sim' with type 'ros.ament_cmake' and name 'embr_canopen_sim'
[0.260s] Level 1:colcon.colcon_core.package_identification:_identify(embr_sim/ros2_ws/src/embr_controller_gazebo) by extensions ['ignore', 'ignore_ament_install']
[0.260s] Level 1:colcon.colcon_core.package_identification:_identify(embr_sim/ros2_ws/src/embr_controller_gazebo) by extension 'ignore'
[0.260s] Level 1:colcon.colcon_core.package_identification:_identify(embr_sim/ros2_ws/src/embr_controller_gazebo) by extension 'ignore_ament_install'
[0.260s] Level 1:colcon.colcon_core.package_identification:_identify(embr_sim/ros2_ws/src/embr_controller_gazebo) by extensions ['colcon_pkg']
[0.260s] Level 1:colcon.colcon_core.package_identification:_identify(embr_sim/ros2_ws/src/embr_controller_gazebo) by extension 'colcon_pkg'
[0.260s] Level 1:colcon.colcon_core.package_identification:_identify(embr_sim/ros2_ws/src/embr_controller_gazebo) by extensions ['colcon_meta']
[0.260s] Level 1:colcon.colcon_core.package_identification:_identify(embr_sim/ros2_ws/src/embr_controller_gazebo) by extension 'colcon_meta'
[0.260s] Level 1:colcon.colcon_core.package_identification:_identify(embr_sim/ros2_ws/src/embr_controller_gazebo) by extensions ['ros']
[0.260s] Level 1:colcon.colcon_core.package_identification:_identify(embr_sim/ros2_ws/src/embr_controller_gazebo) by extension 'ros'
[0.260s] DEBUG:colcon.colcon_core.package_identification:Package 'embr_sim/ros2_ws/src/embr_controller_gazebo' with type 'ros.ament_python' and name 'embr_controller_gazebo'
[0.260s] Level 1:colcon.colcon_core.package_identification:_identify(embr_sim/ros2_ws/src/embr_gazebo) by extensions ['ignore', 'ignore_ament_install']
[0.260s] Level 1:colcon.colcon_core.package_identification:_identify(embr_sim/ros2_ws/src/embr_gazebo) by extension 'ignore'
[0.260s] Level 1:colcon.colcon_core.package_identification:_identify(embr_sim/ros2_ws/src/embr_gazebo) by extension 'ignore_ament_install'
[0.260s] Level 1:colcon.colcon_core.package_identification:_identify(embr_sim/ros2_ws/src/embr_gazebo) by extensions ['colcon_pkg']
[0.260s] Level 1:colcon.colcon_core.package_identification:_identify(embr_sim/ros2_ws/src/embr_gazebo) by extension 'colcon_pkg'
[0.261s] Level 1:colcon.colcon_core.package_identification:_identify(embr_sim/ros2_ws/src/embr_gazebo) by extensions ['colcon_meta']
[0.261s] Level 1:colcon.colcon_core.package_identification:_identify(embr_sim/ros2_ws/src/embr_gazebo) by extension 'colcon_meta'
[0.261s] Level 1:colcon.colcon_core.package_identification:_identify(embr_sim/ros2_ws/src/embr_gazebo) by extensions ['ros']
[0.261s] Level 1:colcon.colcon_core.package_identification:_identify(embr_sim/ros2_ws/src/embr_gazebo) by extension 'ros'
[0.261s] Level 1:colcon.colcon_core.package_identification:_identify(embr_sim/ros2_ws/src/embr_gazebo) by extensions ['cmake', 'python']
[0.261s] Level 1:colcon.colcon_core.package_identification:_identify(embr_sim/ros2_ws/src/embr_gazebo) by extension 'cmake'
[0.261s] Level 1:colcon.colcon_core.package_identification:_identify(embr_sim/ros2_ws/src/embr_gazebo) by extension 'python'
[0.261s] Level 1:colcon.colcon_core.package_identification:_identify(embr_sim/ros2_ws/src/embr_gazebo) by extensions ['python_setup_py']
[0.261s] Level 1:colcon.colcon_core.package_identification:_identify(embr_sim/ros2_ws/src/embr_gazebo) by extension 'python_setup_py'
[0.261s] Level 1:colcon.colcon_core.package_identification:_identify(embr_sim/ros2_ws/src/embr_gazebo/config) by extensions ['ignore', 'ignore_ament_install']
[0.261s] Level 1:colcon.colcon_core.package_identification:_identify(embr_sim/ros2_ws/src/embr_gazebo/config) by extension 'ignore'
[0.261s] Level 1:colcon.colcon_core.package_identification:_identify(embr_sim/ros2_ws/src/embr_gazebo/config) by extension 'ignore_ament_install'
[0.261s] Level 1:colcon.colcon_core.package_identification:_identify(embr_sim/ros2_ws/src/embr_gazebo/config) by extensions ['colcon_pkg']
[0.261s] Level 1:colcon.colcon_core.package_identification:_identify(embr_sim/ros2_ws/src/embr_gazebo/config) by extension 'colcon_pkg'
[0.261s] Level 1:colcon.colcon_core.package_identification:_identify(embr_sim/ros2_ws/src/embr_gazebo/config) by extensions ['colcon_meta']
[0.261s] Level 1:colcon.colcon_core.package_identification:_identify(embr_sim/ros2_ws/src/embr_gazebo/config) by extension 'colcon_meta'
[0.261s] Level 1:colcon.colcon_core.package_identification:_identify(embr_sim/ros2_ws/src/embr_gazebo/config) by extensions ['ros']
[0.261s] Level 1:colcon.colcon_core.package_identification:_identify(embr_sim/ros2_ws/src/embr_gazebo/config) by extension 'ros'
[0.261s] Level 1:colcon.colcon_core.package_identification:_identify(embr_sim/ros2_ws/src/embr_gazebo/config) by extensions ['cmake', 'python']
[0.261s] Level 1:colcon.colcon_core.package_identification:_identify(embr_sim/ros2_ws/src/embr_gazebo/config) by extension 'cmake'
[0.261s] Level 1:colcon.colcon_core.package_identification:_identify(embr_sim/ros2_ws/src/embr_gazebo/config) by extension 'python'
[0.261s] Level 1:colcon.colcon_core.package_identification:_identify(embr_sim/ros2_ws/src/embr_gazebo/config) by extensions ['python_setup_py']
[0.261s] Level 1:colcon.colcon_core.package_identification:_identify(embr_sim/ros2_ws/src/embr_gazebo/config) by extension 'python_setup_py'
[0.261s] Level 1:colcon.colcon_core.package_identification:_identify(embr_sim/ros2_ws/src/embr_gazebo/worlds) by extensions ['ignore', 'ignore_ament_install']
[0.261s] Level 1:colcon.colcon_core.package_identification:_identify(embr_sim/ros2_ws/src/embr_gazebo/worlds) by extension 'ignore'
[0.261s] Level 1:colcon.colcon_core.package_identification:_identify(embr_sim/ros2_ws/src/embr_gazebo/worlds) by extension 'ignore_ament_install'
[0.261s] Level 1:colcon.colcon_core.package_identification:_identify(embr_sim/ros2_ws/src/embr_gazebo/worlds) by extensions ['colcon_pkg']
[0.261s] Level 1:colcon.colcon_core.package_identification:_identify(embr_sim/ros2_ws/src/embr_gazebo/worlds) by extension 'colcon_pkg'
[0.261s] Level 1:colcon.colcon_core.package_identification:_identify(embr_sim/ros2_ws/src/embr_gazebo/worlds) by extensions ['colcon_meta']
[0.261s] Level 1:colcon.colcon_core.package_identification:_identify(embr_sim/ros2_ws/src/embr_gazebo/worlds) by extension 'colcon_meta'
[0.261s] Level 1:colcon.colcon_core.package_identification:_identify(embr_sim/ros2_ws/src/embr_gazebo/worlds) by extensions ['ros']
[0.261s] Level 1:colcon.colcon_core.package_identification:_identify(embr_sim/ros2_ws/src/embr_gazebo/worlds) by extension 'ros'
[0.261s] Level 1:colcon.colcon_core.package_identification:_identify(embr_sim/ros2_ws/src/embr_gazebo/worlds) by extensions ['cmake', 'python']
[0.261s] Level 1:colcon.colcon_core.package_identification:_identify(embr_sim/ros2_ws/src/embr_gazebo/worlds) by extension 'cmake'
[0.261s] Level 1:colcon.colcon_core.package_identification:_identify(embr_sim/ros2_ws/src/embr_gazebo/worlds) by extension 'python'
[0.261s] Level 1:colcon.colcon_core.package_identification:_identify(embr_sim/ros2_ws/src/embr_gazebo/worlds) by extensions ['python_setup_py']
[0.261s] Level 1:colcon.colcon_core.package_identification:_identify(embr_sim/ros2_ws/src/embr_gazebo/worlds) by extension 'python_setup_py'
[0.261s] Level 1:colcon.colcon_core.package_identification:_identify(log) by extensions ['ignore', 'ignore_ament_install']
[0.261s] Level 1:colcon.colcon_core.package_identification:_identify(log) by extension 'ignore'
[0.261s] Level 1:colcon.colcon_core.package_identification:_identify(log) ignored
[0.261s] Level 1:colcon.colcon_core.package_identification:_identify(mechanical_reports) by extensions ['ignore', 'ignore_ament_install']
[0.261s] Level 1:colcon.colcon_core.package_identification:_identify(mechanical_reports) by extension 'ignore'
[0.261s] Level 1:colcon.colcon_core.package_identification:_identify(mechanical_reports) by extension 'ignore_ament_install'
[0.262s] Level 1:colcon.colcon_core.package_identification:_identify(mechanical_reports) by extensions ['colcon_pkg']
[0.262s] Level 1:colcon.colcon_core.package_identification:_identify(mechanical_reports) by extension 'colcon_pkg'
[0.262s] Level 1:colcon.colcon_core.package_identification:_identify(mechanical_reports) by extensions ['colcon_meta']
[0.262s] Level 1:colcon.colcon_core.package_identification:_identify(mechanical_reports) by extension 'colcon_meta'
[0.262s] Level 1:colcon.colcon_core.package_identification:_identify(mechanical_reports) by extensions ['ros']
[0.262s] Level 1:colcon.colcon_core.package_identification:_identify(mechanical_reports) by extension 'ros'
[0.262s] Level 1:colcon.colcon_core.package_identification:_identify(mechanical_reports) by extensions ['cmake', 'python']
[0.262s] Level 1:colcon.colcon_core.package_identification:_identify(mechanical_reports) by extension 'cmake'
[0.262s] Level 1:colcon.colcon_core.package_identification:_identify(mechanical_reports) by extension 'python'
[0.262s] Level 1:colcon.colcon_core.package_identification:_identify(mechanical_reports) by extensions ['python_setup_py']
[0.262s] Level 1:colcon.colcon_core.package_identification:_identify(mechanical_reports) by extension 'python_setup_py'
[0.262s] Level 1:colcon.colcon_core.package_identification:_identify(scripts) by extensions ['ignore', 'ignore_ament_install']
[0.262s] Level 1:colcon.colcon_core.package_identification:_identify(scripts) by extension 'ignore'
[0.262s] Level 1:colcon.colcon_core.package_identification:_identify(scripts) by extension 'ignore_ament_install'
[0.262s] Level 1:colcon.colcon_core.package_identification:_identify(scripts) by extensions ['colcon_pkg']
[0.262s] Level 1:colcon.colcon_core.package_identification:_identify(scripts) by extension 'colcon_pkg'
[0.262s] Level 1:colcon.colcon_core.package_identification:_identify(scripts) by extensions ['colcon_meta']
[0.262s] Level 1:colcon.colcon_core.package_identification:_identify(scripts) by extension 'colcon_meta'
[0.262s] Level 1:colcon.colcon_core.package_identification:_identify(scripts) by extensions ['ros']
[0.262s] Level 1:colcon.colcon_core.package_identification:_identify(scripts) by extension 'ros'
[0.262s] Level 1:colcon.colcon_core.package_identification:_identify(scripts) by extensions ['cmake', 'python']
[0.262s] Level 1:colcon.colcon_core.package_identification:_identify(scripts) by extension 'cmake'
[0.262s] Level 1:colcon.colcon_core.package_identification:_identify(scripts) by extension 'python'
[0.262s] Level 1:colcon.colcon_core.package_identification:_identify(scripts) by extensions ['python_setup_py']
[0.262s] Level 1:colcon.colcon_core.package_identification:_identify(scripts) by extension 'python_setup_py'
[0.262s] Level 1:colcon.colcon_core.package_identification:_identify(scripts/environment) by extensions ['ignore', 'ignore_ament_install']
[0.262s] Level 1:colcon.colcon_core.package_identification:_identify(scripts/environment) by extension 'ignore'
[0.262s] Level 1:colcon.colcon_core.package_identification:_identify(scripts/environment) by extension 'ignore_ament_install'
[0.262s] Level 1:colcon.colcon_core.package_identification:_identify(scripts/environment) by extensions ['colcon_pkg']
[0.262s] Level 1:colcon.colcon_core.package_identification:_identify(scripts/environment) by extension 'colcon_pkg'
[0.262s] Level 1:colcon.colcon_core.package_identification:_identify(scripts/environment) by extensions ['colcon_meta']
[0.262s] Level 1:colcon.colcon_core.package_identification:_identify(scripts/environment) by extension 'colcon_meta'
[0.262s] Level 1:colcon.colcon_core.package_identification:_identify(scripts/environment) by extensions ['ros']
[0.262s] Level 1:colcon.colcon_core.package_identification:_identify(scripts/environment) by extension 'ros'
[0.262s] Level 1:colcon.colcon_core.package_identification:_identify(scripts/environment) by extensions ['cmake', 'python']
[0.262s] Level 1:colcon.colcon_core.package_identification:_identify(scripts/environment) by extension 'cmake'
[0.262s] Level 1:colcon.colcon_core.package_identification:_identify(scripts/environment) by extension 'python'
[0.262s] Level 1:colcon.colcon_core.package_identification:_identify(scripts/environment) by extensions ['python_setup_py']
[0.262s] Level 1:colcon.colcon_core.package_identification:_identify(scripts/environment) by extension 'python_setup_py'
[0.262s] Level 1:colcon.colcon_core.package_identification:_identify(scripts/simulation) by extensions ['ignore', 'ignore_ament_install']
[0.262s] Level 1:colcon.colcon_core.package_identification:_identify(scripts/simulation) by extension 'ignore'
[0.262s] Level 1:colcon.colcon_core.package_identification:_identify(scripts/simulation) by extension 'ignore_ament_install'
[0.262s] Level 1:colcon.colcon_core.package_identification:_identify(scripts/simulation) by extensions ['colcon_pkg']
[0.262s] Level 1:colcon.colcon_core.package_identification:_identify(scripts/simulation) by extension 'colcon_pkg'
[0.262s] Level 1:colcon.colcon_core.package_identification:_identify(scripts/simulation) by extensions ['colcon_meta']
[0.262s] Level 1:colcon.colcon_core.package_identification:_identify(scripts/simulation) by extension 'colcon_meta'
[0.262s] Level 1:colcon.colcon_core.package_identification:_identify(scripts/simulation) by extensions ['ros']
[0.262s] Level 1:colcon.colcon_core.package_identification:_identify(scripts/simulation) by extension 'ros'
[0.263s] Level 1:colcon.colcon_core.package_identification:_identify(scripts/simulation) by extensions ['cmake', 'python']
[0.263s] Level 1:colcon.colcon_core.package_identification:_identify(scripts/simulation) by extension 'cmake'
[0.263s] Level 1:colcon.colcon_core.package_identification:_identify(scripts/simulation) by extension 'python'
[0.263s] Level 1:colcon.colcon_core.package_identification:_identify(scripts/simulation) by extensions ['python_setup_py']
[0.263s] Level 1:colcon.colcon_core.package_identification:_identify(scripts/simulation) by extension 'python_setup_py'
[0.263s] Level 1:colcon.colcon_core.package_discovery:discover_packages(recursive) using defaults
[0.263s] Level 1:colcon.colcon_core.package_discovery:discover_packages(ignore) discover
[0.263s] Level 1:colcon.colcon_core.package_discovery:discover_packages(ignore) using defaults
[0.263s] Level 1:colcon.colcon_core.package_discovery:discover_packages(path) discover
[0.263s] Level 1:colcon.colcon_core.package_discovery:discover_packages(path) using defaults
[0.278s] INFO:colcon.colcon_core.package_selection:Skipping not selected package 'embr_canopen_sim' in 'embr_sim/ros2_ws/src/embr_canopen_sim'
[0.278s] INFO:colcon.colcon_core.package_selection:Skipping not selected package 'embr_controller_gazebo' in 'embr_sim/ros2_ws/src/embr_controller_gazebo'
[0.278s] INFO:colcon.colcon_core.package_selection:Skipping not selected package 'embr_core' in 'embr_phys/ros2_ws/src/embr_core'
[0.278s] Level 1:colcon.colcon_core.package_discovery:discover_packages(prefix_path) check parameters
[0.278s] Level 1:colcon.colcon_core.package_discovery:discover_packages(prefix_path) discover
[0.280s] DEBUG:colcon.colcon_installed_package_information.package_discovery:Found 318 installed packages in /opt/ros/humble
[0.281s] Level 1:colcon.colcon_core.package_discovery:discover_packages(prefix_path) using defaults
[0.300s] Level 5:colcon.colcon_core.verb:set package 'embr_description' build argument 'cmake_args' from command line to 'None'
[0.300s] Level 5:colcon.colcon_core.verb:set package 'embr_description' build argument 'cmake_target' from command line to 'None'
[0.300s] Level 5:colcon.colcon_core.verb:set package 'embr_description' build argument 'cmake_target_skip_unavailable' from command line to 'False'
[0.300s] Level 5:colcon.colcon_core.verb:set package 'embr_description' build argument 'cmake_clean_cache' from command line to 'False'
[0.300s] Level 5:colcon.colcon_core.verb:set package 'embr_description' build argument 'cmake_clean_first' from command line to 'False'
[0.300s] Level 5:colcon.colcon_core.verb:set package 'embr_description' build argument 'cmake_force_configure' from command line to 'False'
[0.300s] Level 5:colcon.colcon_core.verb:set package 'embr_description' build argument 'ament_cmake_args' from command line to 'None'
[0.300s] Level 5:colcon.colcon_core.verb:set package 'embr_description' build argument 'catkin_cmake_args' from command line to 'None'
[0.300s] Level 5:colcon.colcon_core.verb:set package 'embr_description' build argument 'catkin_skip_building_tests' from command line to 'False'
[0.300s] DEBUG:colcon.colcon_core.verb:Building package 'embr_description' with the following arguments: {'ament_cmake_args': None, 'build_base': '/tmp/embr-poc-build/embr_description', 'catkin_cmake_args': None, 'catkin_skip_building_tests': False, 'cmake_args': None, 'cmake_clean_cache': False, 'cmake_clean_first': False, 'cmake_force_configure': False, 'cmake_target': None, 'cmake_target_skip_unavailable': False, 'install_base': '/tmp/embr-poc-install/embr_description', 'merge_install': False, 'path': '/home/mais/Heat_Robotics/EMBR_Simulation_Pipeline/embr_phys/ros2_ws/src/embr_description', 'symlink_install': True, 'test_result_base': None}
[0.301s] INFO:colcon.colcon_core.executor:Executing jobs using 'parallel' executor
[0.301s] DEBUG:colcon.colcon_parallel_executor.executor.parallel:run_until_complete
[0.301s] INFO:colcon.colcon_ros.task.ament_cmake.build:Building ROS package in '/home/mais/Heat_Robotics/EMBR_Simulation_Pipeline/embr_phys/ros2_ws/src/embr_description' with build type 'ament_cmake'
[0.301s] INFO:colcon.colcon_cmake.task.cmake.build:Building CMake package in '/home/mais/Heat_Robotics/EMBR_Simulation_Pipeline/embr_phys/ros2_ws/src/embr_description'
[0.304s] INFO:colcon.colcon_core.plugin_system:Skipping extension 'colcon_core.shell.bat': Not used on non-Windows systems
[0.304s] INFO:colcon.colcon_core.shell:Skip shell extension 'powershell' for command environment: Not usable outside of PowerShell
[0.304s] DEBUG:colcon.colcon_core.shell:Skip shell extension 'dsv' for command environment
[0.309s] DEBUG:colcon.colcon_core.event_handler.log_command:Invoking command in '/tmp/embr-poc-build/embr_description': CMAKE_PREFIX_PATH=/opt/ros/humble /usr/bin/cmake /home/mais/Heat_Robotics/EMBR_Simulation_Pipeline/embr_phys/ros2_ws/src/embr_description -DAMENT_CMAKE_SYMLINK_INSTALL=1 -DCMAKE_INSTALL_PREFIX=/tmp/embr-poc-install/embr_description
[30.332s] DEBUG:colcon.colcon_core.event_handler.log_command:Invoked command in '/tmp/embr-poc-build/embr_description' returned '0': CMAKE_PREFIX_PATH=/opt/ros/humble /usr/bin/cmake /home/mais/Heat_Robotics/EMBR_Simulation_Pipeline/embr_phys/ros2_ws/src/embr_description -DAMENT_CMAKE_SYMLINK_INSTALL=1 -DCMAKE_INSTALL_PREFIX=/tmp/embr-poc-install/embr_description
[30.333s] DEBUG:colcon.colcon_core.event_handler.log_command:Invoking command in '/tmp/embr-poc-build/embr_description': CMAKE_PREFIX_PATH=/opt/ros/humble /usr/bin/cmake --build /tmp/embr-poc-build/embr_description -- -j20 -l20
[60.349s] DEBUG:colcon.colcon_core.event_handler.log_command:Invoked command in '/tmp/embr-poc-build/embr_description' returned '0': CMAKE_PREFIX_PATH=/opt/ros/humble /usr/bin/cmake --build /tmp/embr-poc-build/embr_description -- -j20 -l20
[60.356s] DEBUG:colcon.colcon_core.event_handler.log_command:Invoking command in '/tmp/embr-poc-build/embr_description': CMAKE_PREFIX_PATH=/opt/ros/humble /usr/bin/cmake --install /tmp/embr-poc-build/embr_description
[60.546s] Level 1:colcon.colcon_core.environment:create_environment_scripts_only(embr_description)
[60.546s] DEBUG:colcon.colcon_core.event_handler.log_command:Invoked command in '/tmp/embr-poc-build/embr_description' returned '0': CMAKE_PREFIX_PATH=/opt/ros/humble /usr/bin/cmake --install /tmp/embr-poc-build/embr_description
[60.552s] Level 1:colcon.colcon_core.environment:checking '/tmp/embr-poc-install/embr_description' for CMake module files
[60.553s] Level 1:colcon.colcon_core.environment:checking '/tmp/embr-poc-install/embr_description' for CMake config files
[60.553s] Level 1:colcon.colcon_core.shell:create_environment_hook('embr_description', 'cmake_prefix_path')
[60.553s] INFO:colcon.colcon_core.shell:Creating environment hook '/tmp/embr-poc-install/embr_description/share/embr_description/hook/cmake_prefix_path.ps1'
[60.553s] INFO:colcon.colcon_core.shell:Creating environment descriptor '/tmp/embr-poc-install/embr_description/share/embr_description/hook/cmake_prefix_path.dsv'
[60.554s] INFO:colcon.colcon_core.shell:Creating environment hook '/tmp/embr-poc-install/embr_description/share/embr_description/hook/cmake_prefix_path.sh'
[60.554s] Level 1:colcon.colcon_core.environment:checking '/tmp/embr-poc-install/embr_description/bin'
[60.554s] Level 1:colcon.colcon_core.environment:checking '/tmp/embr-poc-install/embr_description/lib/pkgconfig/embr_description.pc'
[60.554s] Level 1:colcon.colcon_core.environment:checking '/tmp/embr-poc-install/embr_description/lib/python3.10/site-packages'
[60.555s] Level 1:colcon.colcon_core.environment:checking '/tmp/embr-poc-install/embr_description/bin'
[60.555s] INFO:colcon.colcon_core.shell:Creating package script '/tmp/embr-poc-install/embr_description/share/embr_description/package.ps1'
[60.555s] INFO:colcon.colcon_core.shell:Creating package descriptor '/tmp/embr-poc-install/embr_description/share/embr_description/package.dsv'
[60.556s] INFO:colcon.colcon_core.shell:Creating package script '/tmp/embr-poc-install/embr_description/share/embr_description/package.sh'
[60.556s] INFO:colcon.colcon_core.shell:Creating package script '/tmp/embr-poc-install/embr_description/share/embr_description/package.bash'
[60.557s] INFO:colcon.colcon_core.shell:Creating package script '/tmp/embr-poc-install/embr_description/share/embr_description/package.zsh'
[60.557s] Level 1:colcon.colcon_core.environment:create_file_with_runtime_dependencies(/tmp/embr-poc-install/embr_description/share/colcon-core/packages/embr_description)
[60.557s] Level 1:colcon.colcon_core.environment:create_environment_scripts_only(embr_description)
[60.557s] Level 1:colcon.colcon_core.environment:checking '/tmp/embr-poc-install/embr_description' for CMake module files
[60.558s] Level 1:colcon.colcon_core.environment:checking '/tmp/embr-poc-install/embr_description' for CMake config files
[60.558s] Level 1:colcon.colcon_core.shell:create_environment_hook('embr_description', 'cmake_prefix_path')
[60.558s] INFO:colcon.colcon_core.shell:Creating environment hook '/tmp/embr-poc-install/embr_description/share/embr_description/hook/cmake_prefix_path.ps1'
[60.558s] INFO:colcon.colcon_core.shell:Creating environment descriptor '/tmp/embr-poc-install/embr_description/share/embr_description/hook/cmake_prefix_path.dsv'
[60.558s] INFO:colcon.colcon_core.shell:Creating environment hook '/tmp/embr-poc-install/embr_description/share/embr_description/hook/cmake_prefix_path.sh'
[60.558s] Level 1:colcon.colcon_core.environment:checking '/tmp/embr-poc-install/embr_description/bin'
[60.558s] Level 1:colcon.colcon_core.environment:checking '/tmp/embr-poc-install/embr_description/lib/pkgconfig/embr_description.pc'
[60.558s] Level 1:colcon.colcon_core.environment:checking '/tmp/embr-poc-install/embr_description/lib/python3.10/site-packages'
[60.559s] Level 1:colcon.colcon_core.environment:checking '/tmp/embr-poc-install/embr_description/bin'
[60.559s] INFO:colcon.colcon_core.shell:Creating package script '/tmp/embr-poc-install/embr_description/share/embr_description/package.ps1'
[60.559s] INFO:colcon.colcon_core.shell:Creating package descriptor '/tmp/embr-poc-install/embr_description/share/embr_description/package.dsv'
[60.559s] INFO:colcon.colcon_core.shell:Creating package script '/tmp/embr-poc-install/embr_description/share/embr_description/package.sh'
[60.559s] INFO:colcon.colcon_core.shell:Creating package script '/tmp/embr-poc-install/embr_description/share/embr_description/package.bash'
[60.560s] INFO:colcon.colcon_core.shell:Creating package script '/tmp/embr-poc-install/embr_description/share/embr_description/package.zsh'
[60.560s] Level 1:colcon.colcon_core.environment:create_file_with_runtime_dependencies(/tmp/embr-poc-install/embr_description/share/colcon-core/packages/embr_description)
[60.560s] DEBUG:colcon.colcon_parallel_executor.executor.parallel:closing loop
[60.560s] DEBUG:colcon.colcon_parallel_executor.executor.parallel:loop closed
[60.560s] DEBUG:colcon.colcon_parallel_executor.executor.parallel:run_until_complete finished with '0'
[60.560s] DEBUG:colcon.colcon_core.event_reactor:joining thread
[60.565s] INFO:colcon.colcon_core.plugin_system:Skipping extension 'colcon_notification.desktop_notification.terminal_notifier': Not used on non-Darwin systems
[60.565s] INFO:colcon.colcon_core.plugin_system:Skipping extension 'colcon_notification.desktop_notification.win32': Not used on non-Windows systems
[60.565s] INFO:colcon.colcon_notification.desktop_notification:Sending desktop notification using 'notify2'
[60.565s] DEBUG:colcon.colcon_notification.desktop_notification.notify2:Failed to initialize notify2: org.freedesktop.DBus.Error.AccessDenied: Failed to connect to socket /run/user/1000/bus: Operation not permitted
[60.565s] DEBUG:colcon.colcon_core.event_reactor:joined thread
[60.565s] INFO:colcon.colcon_core.shell:Creating prefix script '/tmp/embr-poc-install/local_setup.ps1'
[60.566s] INFO:colcon.colcon_core.shell:Creating prefix util module '/tmp/embr-poc-install/_local_setup_util_ps1.py'
[60.566s] INFO:colcon.colcon_core.shell:Creating prefix chain script '/tmp/embr-poc-install/setup.ps1'
[60.567s] INFO:colcon.colcon_core.shell:Creating prefix script '/tmp/embr-poc-install/local_setup.sh'
[60.567s] INFO:colcon.colcon_core.shell:Creating prefix util module '/tmp/embr-poc-install/_local_setup_util_sh.py'
[60.568s] INFO:colcon.colcon_core.shell:Creating prefix chain script '/tmp/embr-poc-install/setup.sh'
[60.568s] INFO:colcon.colcon_core.shell:Creating prefix script '/tmp/embr-poc-install/local_setup.bash'
[60.568s] INFO:colcon.colcon_core.shell:Creating prefix chain script '/tmp/embr-poc-install/setup.bash'
[60.569s] INFO:colcon.colcon_core.shell:Creating prefix script '/tmp/embr-poc-install/local_setup.zsh'
[60.569s] INFO:colcon.colcon_core.shell:Creating prefix chain script '/tmp/embr-poc-install/setup.zsh'
